error
error
info
error
